// Jest Snapshot v1, https://goo.gl/fbAQLP

exports[`<SelectDropDown /> renders the component 1`] = `
<DocumentFragment>
  <div
    class="MuiFormControl-root makeStyles-formControl-1"
  >
    <label
      class="MuiFormLabel-root MuiInputLabel-root MuiInputLabel-formControl MuiInputLabel-animated MuiInputLabel-shrink MuiFormLabel-filled"
      data-shrink="true"
      id="demo-simple-select-label"
    >
      Start Time
    </label>
    <div
      class="MuiInputBase-root MuiInput-root MuiInput-underline MuiInputBase-formControl MuiInput-formControl"
    >
      <div
        aria-haspopup="listbox"
        aria-labelledby="demo-simple-select-label demo-simple-select"
        class="MuiSelect-root MuiSelect-select MuiSelect-selectMenu MuiInputBase-input MuiInput-input"
        id="demo-simple-select"
        role="button"
        tabindex="0"
      >
        12:15 AM
      </div>
      <input
        aria-hidden="true"
        class="MuiSelect-nativeInput"
        data-testid="select"
        tabindex="-1"
        value="00:15:00"
      />
      <svg
        aria-hidden="true"
        class="MuiSvgIcon-root MuiSelect-icon"
        focusable="false"
        viewBox="0 0 24 24"
      >
        <path
          d="M7 10l5 5 5-5z"
        />
      </svg>
    </div>
  </div>
</DocumentFragment>
`;
