// Jest Snapshot v1, https://goo.gl/fbAQLP

exports[`<FilterCheckboxes /> renders the component 1`] = `
<DocumentFragment>
  <h6
    class="MuiTypography-root MuiTypography-h6"
  />
  <fieldset
    class="MuiFormControl-root makeStyles-formControl-2"
  >
    <div
      class="MuiFormGroup-root"
    />
  </fieldset>
</DocumentFragment>
`;
